// Jest Snapshot v1, https://goo.gl/fbAQLP

exports[`PoolAddress #computeAddress gas cost [ @skip-on-coverage ] 1`] = `579`;

exports[`PoolAddress #computeAddress matches example from core repo 1`] = `"0x2DD10a0Bc71631eF06e45B6EA83374086E5EFB2E"`;
